[Thu Mar 12 01:23:40 WEST 2026] Monitor started
[Thu Mar 12 01:23:40 WEST 2026] Scraper not running, restarting...
[Thu Mar 12 01:23:40 WEST 2026] Scraper restarted (PID: 2663)
[Thu Mar 12 01:28:41 WEST 2026] Scraper not running, restarting...
[Thu Mar 12 01:28:41 WEST 2026] Scraper restarted (PID: 2676)
[Thu Mar 12 01:30:28 WEST 2026] Monitor started
[Thu Mar 12 01:30:28 WEST 2026] Scraper not running, restarting...
[Thu Mar 12 01:30:28 WEST 2026] Scraper restarted (PID: 2691)
[Thu Mar 12 01:33:41 WEST 2026] Scraper not running, restarting...
[Thu Mar 12 01:33:41 WEST 2026] Scraper restarted (PID: 2710)
[Thu Mar 12 01:35:28 WEST 2026] Scraper not running, restarting...
[Thu Mar 12 01:35:28 WEST 2026] Scraper restarted (PID: 2715)
[Thu Mar 12 01:38:41 WEST 2026] Scraper not running, restarting...
[Thu Mar 12 01:38:41 WEST 2026] Scraper restarted (PID: 2720)
[Thu Mar 12 01:40:28 WEST 2026] Scraper not running, restarting...
[Thu Mar 12 01:40:28 WEST 2026] Scraper restarted (PID: 2725)
[Thu Mar 12 01:49:33 WEST 2026] Monitor started
[Thu Mar 12 01:49:33 WEST 2026] Scraper not running, restarting...
[Thu Mar 12 01:49:33 WEST 2026] Scraper restarted (PID: 2752)
[Thu Mar 12 01:52:01 WEST 2026] Monitor started
[Thu Mar 12 01:52:01 WEST 2026] OK (1 scraper). {  "listing_page": 575,  "total_listings": 10702,  "details_scraped": [],  "details_failed": []}
[Thu Mar 12 01:52:01 WEST 2026] Deck details: 0
[Thu Mar 12 01:54:33 WEST 2026] Scraper not running, restarting...
[Thu Mar 12 01:54:33 WEST 2026] Scraper restarted (PID: 2809)
[Thu Mar 12 01:57:02 WEST 2026] WARNING: 2 scrapers running! Killing extras...
[Thu Mar 12 01:57:05 WEST 2026] Restarted single scraper
[Thu Mar 12 02:03:19 WEST 2026] Monitor started
[Thu Mar 12 02:03:20 WEST 2026] Scraper not running, restarting...
[Thu Mar 12 02:03:20 WEST 2026] Scraper restarted
