=== RiftDecks Bulk Scraper v3 ===
  Rate limit: 1.5s between requests
  Workers: 1
Getting Cloudflare cookies via FlareSolverr...
  Got 2 cookies via FlareSolverr.
  Connection OK.


=== Phase 1: Collecting deck listings ===
  Resuming from page 176 (2702 listings so far)
  Page 176... (2702 total, +0 new)
  Page 180... (2782 total, +80 new)
  Page 190... (2982 total, +280 new)
  Page 200... (3182 total, +480 new)
Getting Cloudflare cookies via FlareSolverr...
  Got 2 cookies via FlareSolverr.
  Refreshed cookies at page 200
  Page 210... (3382 total, +680 new)
  Page 220... (3582 total, +880 new)
  Page 230... (3782 total, +1080 new)
  Page 240... (3982 total, +1280 new)
  Page 250... (4182 total, +1480 new)
  Page 260... (4382 total, +1680 new)
  Page 270... (4582 total, +1880 new)
  Page 280... (4782 total, +2080 new)
  Page 290... (4982 total, +2280 new)
  Page 300... (5182 total, +2480 new)
  Page 310... (5382 total, +2680 new)
  Page 320... (5582 total, +2880 new)
  Page 330... (5782 total, +3080 new)
  Page 340... (5982 total, +3280 new)
  Page 350... (6182 total, +3480 new)
  Page 360... (6382 total, +3680 new)
  Page 370... (6582 total, +3880 new)
  Page 380... (6782 total, +4080 new)
  Page 390... (6982 total, +4280 new)
  Page 400... (7182 total, +4480 new)
Getting Cloudflare cookies via FlareSolverr...
  Got 2 cookies via FlareSolverr.
  Refreshed cookies at page 400
  Page 410... (7382 total, +4680 new)
  Page 420... (7582 total, +4880 new)
  Page 430... (7782 total, +5080 new)
  Page 440... (7982 total, +5280 new)
  Page 450... (8182 total, +5480 new)
  Page 460... (8382 total, +5680 new)
  Page 470... (8582 total, +5880 new)
  Page 480... (8782 total, +6080 new)
  Page 490... (8982 total, +6280 new)
  Page 500... (9182 total, +6480 new)
  Page 510... (9382 total, +6680 new)
  Page 520... (9582 total, +6880 new)
  Page 530... (9782 total, +7080 new)
0 new)
  Page 480... (8782 total, +3580 new)
  Page 490... (8982 total, +3780 new)
  Page 500... (9182 total, +3980 new)
Getting Cloudflare cookies via FlareSolverr...
  Got 2 cookies via FlareSolverr.
  Refreshed cookies at page 501
  Page 510... (9382 total, +4180 new)
  Page 520... (9582 total, +4380 new)
80 new)
  Page 450... (8182 total, +2480 new)
  Page 460... (8382 total, +2680 new)
  Page 470... (8582 total, +2880 new)
  Page 480... (8782 total, +3080 new)
  Page 490... (8982 total, +3280 new)
  Page 500... (9182 total, +3480 new)
  Page 510... (9382 total, +3680 new)
380 new)
  Page 430... (7782 total, +580 new)
  Page 440... (7982 total, +780 new)
  Page 450... (8182 total, +980 new)
  Page 460... (8382 total, +1180 new)
  Page 470... (8582 total, +1380 new)
  Page 480... (8782 total, +1580 new)
  Page 490... (8982 total, +1780 new)
  Page 500... (9182 total, +1980 new)
  Page 510... (9382 total, +2180 new)
a FlareSolverr...
  Got 2 cookies via FlareSolverr.
  Page 430... (7782 total, +80 new)
  Page 440... (7982 total, +280 new)
  Page 450... (8182 total, +480 new)
  Page 460... (8382 total, +680 new)
  Page 470... (8582 total, +880 new)
  Page 480... (8782 total, +1080 new)
  Page 490... (8982 total, +1280 new)
  Page 500... (9182 total, +1480 new)
  Page 510... (9382 total, +1680 new)
areSolverr.
  Connection OK.


=== Phase 1: Collecting deck listings ===
  Resuming from page 476 (8702 listings so far)
  Page 476... (8702 total, +0 new)
Getting Cloudflare cookies via FlareSolverr...
  Got 2 cookies via FlareSolverr.
  Page 480... (8782 total, +80 new)
  Page 490... (8982 total, +280 new)
  Page 500... (9182 total, +480 new)
  Page 510... (9382 total, +680 new)
rkers: 1
Getting Cloudflare cookies via FlareSolverr...
  Got 2 cookies via FlareSolverr.
  Connection OK.


=== Phase 1: Collecting deck listings ===
  Resuming from page 501 (9202 listings so far)
  Page 501... (9202 total, +0 new)
Getting Cloudflare cookies via FlareSolverr...
  Got 2 cookies via FlareSolverr.
  Page 510... (9382 total, +180 new)
=== RiftDecks Bulk Scraper v3 ===
  Rate limit: 1.5s between requests
  Workers: 1
Getting Cloudflare cookies via FlareSolverr...
  Got 2 cookies via FlareSolverr.
  Connection OK.


=== Phase 1: Collecting deck listings ===
  Resuming from page 526 (9702 listings so far)
  Page 526... (9702 total, +0 new)
Getting Cloudflare cookies via FlareSolverr...
  Got 2 cookies via FlareSolverr.
  Page 530... (9782 total, +80 new)
  Page 540... (9982 total, +280 new)
  Page 550... (10182 total, +480 new)
  Page 560... (10382 total, +680 new)
  Page 570... (10582 total, +880 new)
  Page 580... (10782 total, +1080 new)
  Page 590... (10982 total, +1280 new)
  Page 600... (11182 total, +1480 new)
  Page 610... (11382 total, +1680 new)
  Page 620... (11581 total, +1879 new)
  Page 630... (11781 total, +2079 new)
  Page 640... (11981 total, +2279 new)
  Page 650... (12181 total, +2479 new)
  Page 660... (12381 total, +2679 new)
  Page 670... (12581 total, +2879 new)
  Page 680... (12781 total, +3079 new)
  Page 690... (12981 total, +3279 new)
  Page 700... (13181 total, +3479 new)
ming from page 626 (11701 listings so far)
  Page 626... (11701 total, +0 new)
Getting Cloudflare cookies via FlareSolverr...
  Got 2 cookies via FlareSolverr.
  Page 630... (11781 total, +80 new)
  Page 640... (11981 total, +280 new)
  Page 650... (12181 total, +480 new)
  Page 660... (12381 total, +680 new)
  Page 670... (12581 total, +880 new)
  Page 680... (12781 total, +1080 new)
=== RiftDecks Bulk Scraper v3 ===
  Rate limit: 1.5s between requests
  Workers: 1
Getting Cloudflare cookies via FlareSolverr...
  Got 2 cookies via FlareSolverr.
  Connection OK.


=== Phase 1: Collecting deck listings ===
  Resuming from page 701 (13201 listings so far)
  Page 701... (13201 total, +0 new)
Getting Cloudflare cookies via FlareSolverr...
  Got 2 cookies via FlareSolverr.
  Page 710... (13381 total, +180 new)
  Page 720... (13581 total, +380 new)
=== RiftDecks Bulk Scraper v3 ===
  Rate limit: 1.5s between requests
  Workers: 1
Getting Cloudflare cookies via FlareSolverr...
  Got 2 cookies via FlareSolverr.
  Connection OK.


=== Phase 1: Collecting deck listings ===
  Resuming from page 726 (13701 listings so far)
  Page 726... (13701 total, +0 new)
Getting Cloudflare cookies via FlareSolverr...
  Got 2 cookies via FlareSolverr.
  Page 730... (13781 total, +80 new)
  Page 740... (13981 total, +280 new)
  Page 750... (14181 total, +480 new)
  Page 760... (14381 total, +680 new)
  Page 770... (14581 total, +880 new)
  Page 780... (14781 total, +1080 new)
  Page 790... (14981 total, +1280 new)
  Page 800... (15181 total, +1480 new)
  Page 810... (15381 total, +1680 new)
  Page 820... (15581 total, +1880 new)
  Page 830... (15781 total, +2080 new)
  Page 840... (15981 total, +2280 new)
  Page 850... (16181 total, +2480 new)
  Page 860... (16381 total, +2680 new)
  Page 870... (16581 total, +2880 new)
  Page 880... (16781 total, +3080 new)
  Page 890... (16981 total, +3280 new)
  Page 900... (17181 total, +3480 new)
  Page 910... (17381 total, +3680 new)
  Page 920... (17581 total, +3880 new)
Getting Cloudflare cookies via FlareSolverr...
  Got 2 cookies via FlareSolverr.
  Refreshed cookies at page 926
  Page 930... (17781 total, +4080 new)
  Page 940... (17981 total, +4280 new)
  Page 950... (18181 total, +4480 new)
  Page 960... (18381 total, +4680 new)
  Page 970... (18581 total, +4880 new)
  Page 980... (18781 total, +5080 new)
  Page 990... (18981 total, +5280 new)
  Page 1000... (19181 total, +5480 new)
  Page 1010... (19381 total, +5680 new)
  Page 1020... (19581 total, +5880 new)
  Page 1030... (19781 total, +6080 new)
  Page 1040... (19981 total, +6280 new)
  Page 1050... (20181 total, +6480 new)
  Page 1060... (20381 total, +6680 new)
  Page 1070... (20581 total, +6880 new)
  Page 1080... (20781 total, +7080 new)
  Page 1090... (20981 total, +7280 new)
  Page 1100... (21181 total, +7480 new)
=== RiftDecks Bulk Scraper v3 ===
  Rate limit: 1.5s between requests
  Workers: 1
Getting Cloudflare cookies via FlareSolverr...
  FlareSolverr unavailable: HTTPConnectionPool(host='localhost', port=8191): Max retries exceeded with url: /v1 (Caused by NewConnectionError("HTTPConnection(host='localhost', port=8191): Failed to establish a new connection: [WinError 10061] No connection could be made because the target machine actively refused it"))
Trying browser cookies...
  Using saved cookies from previous session.
  Connection OK.


=== Phase 1: Collecting deck listings ===
  Resuming from page 1101 (21201 listings so far)
  Page 1101... (21201 total, +0 new)
Getting Cloudflare cookies via FlareSolverr...
  FlareSolverr unavailable: HTTPConnectionPool(host='localhost', port=8191): Max retries exceeded with url: /v1 (Caused by NewConnectionError("HTTPConnection(host='localhost', port=8191): Failed to establish a new connection: [WinError 10061] No connection could be made because the target machine actively refused it"))
Trying browser cookies...
  Using saved cookies from previous session.
  No decks found on page 1101, done.

  Listings complete: 21201 total deck URLs collected.
Getting Cloudflare cookies via FlareSolverr...
  FlareSolverr unavailable: HTTPConnectionPool(host='localhost', port=8191): Max retries exceeded with url: /v1 (Caused by NewConnectionError("HTTPConnection(host='localhost', port=8191): Failed to establish a new connection: [WinError 10061] No connection could be made because the target machine actively refused it"))
Trying browser cookies...
  Using saved cookies from previous session.

=== Phase 2: Scraping deck details ===
  Total listings: 21201
  Already scraped: 0
  Remaining: 21201
  Workers: 1, Delay: 1.5s
=== RiftDecks Bulk Scraper v3 ===
  Rate limit: 1.5s between requests
  Workers: 1
Getting Cloudflare cookies via FlareSolverr...
  FlareSolverr unavailable: HTTPConnectionPool(host='localhost', port=8191): Max retries exceeded with url: /v1 (Caused by NewConnectionError("HTTPConnection(host='localhost', port=8191): Failed to establish a new connection: [WinError 10061] No connection could be made because the target machine actively refused it"))
Trying browser cookies...
  Using saved cookies from previous session.
  Connection OK.


=== Phase 1: Collecting deck listings ===
  Resuming from page 1102 (21201 listings so far)
  Page 1102... (21201 total, +0 new)
Getting Cloudflare cookies via FlareSolverr...
  FlareSolverr unavailable: HTTPConnectionPool(host='localhost', port=8191): Max retries exceeded with url: /v1 (Caused by NewConnectionError("HTTPConnection(host='localhost', port=8191): Failed to establish a new connection: [WinError 10061] No connection could be made because the target machine actively refused it"))
Trying browser cookies...
  Using saved cookies from previous session.
  Page 1110... (21361 total, +160 new)
  Page 1120... (21561 total, +360 new)
  Page 1130... (21761 total, +560 new)
  Page 1140... (21961 total, +760 new)
  Page 1150... (22161 total, +960 new)
  Page 1160... (22361 total, +1160 new)
  Page 1170... (22561 total, +1360 new)
  Page 1180... (22761 total, +1560 new)
  Page 1190... (22961 total, +1760 new)
  Page 1200... (23161 total, +1960 new)
  Page 1210... (23361 total, +2160 new)
  Page 1220... (23561 total, +2360 new)
  Page 1230... (23761 total, +2560 new)
  Page 1240... (23961 total, +2760 new)
  Page 1250... (24161 total, +2960 new)
  Page 1260... (24361 total, +3160 new)
  Page 1270... (24561 total, +3360 new)
  Page 1280... (24761 total, +3560 new)
  Page 1290... (24961 total, +3760 new)
  Page 1300... (25161 total, +3960 new)
Getting Cloudflare cookies via FlareSolverr...
  FlareSolverr unavailable: HTTPConnectionPool(host='localhost', port=8191): Max retries exceeded with url: /v1 (Caused by NewConnectionError("HTTPConnection(host='localhost', port=8191): Failed to establish a new connection: [WinError 10061] No connection could be made because the target machine actively refused it"))
Trying browser cookies...
  Using saved cookies from previous session.
  Refreshed cookies at page 1302
  Page 1310... (25361 total, +4160 new)
  Page 1320... (25561 total, +4360 new)
  Page 1330... (25761 total, +4560 new)
  Page 1340... (25961 total, +4760 new)
  Page 1350... (26161 total, +4960 new)
  Page 1360... (26361 total, +5160 new)
  Page 1370... (26561 total, +5360 new)
  Page 1380... (26761 total, +5560 new)
  Page 1390... (26961 total, +5760 new)
  Page 1400... (27161 total, +5960 new)
  Page 1410... (27361 total, +6160 new)
  Page 1420... (27561 total, +6360 new)
  Page 1430... (27761 total, +6560 new)
  Page 1440... (27961 total, +6760 new)
  Page 1450... (28161 total, +6960 new)
  Page 1460... (28361 total, +7160 new)
  Page 1470... (28561 total, +7360 new)
  Page 1480... (28761 total, +7560 new)
  Page 1490... (28961 total, +7760 new)
  Page 1500... (29161 total, +7960 new)
Getting Cloudflare cookies via FlareSolverr...
  FlareSolverr unavailable: HTTPConnectionPool(host='localhost', port=8191): Max retries exceeded with url: /v1 (Caused by NewConnectionError("HTTPConnection(host='localhost', port=8191): Failed to establish a new connection: [WinError 10061] No connection could be made because the target machine actively refused it"))
Trying browser cookies...
  Using saved cookies from previous session.
  Refreshed cookies at page 1502
  Page 1510... (29361 total, +8160 new)
  Page 1520... (29560 total, +8359 new)
  Page 1530... (29760 total, +8559 new)
  Page 1540... (29960 total, +8759 new)
  Page 1550... (30160 total, +8959 new)
  Page 1560... (30360 total, +9159 new)
  Page 1570... (30560 total, +9359 new)
  Page 1580... (30760 total, +9559 new)
  Page 1590... (30960 total, +9759 new)
  Page 1600... (31160 total, +9959 new)
  Page 1610... (31360 total, +10159 new)
  Page 1620... (31560 total, +10359 new)
  Page 1630... (31760 total, +10559 new)
  Page 1640... (31960 total, +10759 new)
  Page 1650... (32160 total, +10959 new)
  Page 1660... (32360 total, +11159 new)
  Page 1670... (32560 total, +11359 new)
  Page 1680... (32760 total, +11559 new)
  Page 1690... (32960 total, +11759 new)
  Page 1700... (33160 total, +11959 new)
Getting Cloudflare cookies via FlareSolverr...
  FlareSolverr unavailable: HTTPConnectionPool(host='localhost', port=8191): Max retries exceeded with url: /v1 (Caused by NewConnectionError("HTTPConnection(host='localhost', port=8191): Failed to establish a new connection: [WinError 10061] No connection could be made because the target machine actively refused it"))
Trying browser cookies...
  Using saved cookies from previous session.
  Refreshed cookies at page 1702
  Page 1710... (33360 total, +12159 new)
  Page 1720... (33560 total, +12359 new)
  Page 1730... (33760 total, +12559 new)
  Page 1740... (33960 total, +12759 new)
  Page 1750... (34160 total, +12959 new)
  Page 1760... (34360 total, +13159 new)
  Page 1770... (34560 total, +13359 new)
  Page 1780... (34760 total, +13559 new)
  Page 1790... (34960 total, +13759 new)
  Page 1800... (35160 total, +13959 new)
  Page 1810... (35360 total, +14159 new)
  Page 1820... (35560 total, +14359 new)
  Page 1830... (35760 total, +14559 new)
  Page 1840... (35960 total, +14759 new)
  Page 1850... (36160 total, +14959 new)
  Page 1860... (36360 total, +15159 new)
  Page 1870... (36560 total, +15359 new)
  Page 1880... (36760 total, +15559 new)
  Page 1890... (36960 total, +15759 new)
  Page 1900... (37160 total, +15959 new)
Getting Cloudflare cookies via FlareSolverr...
  FlareSolverr unavailable: HTTPConnectionPool(host='localhost', port=8191): Max retries exceeded with url: /v1 (Caused by NewConnectionError("HTTPConnection(host='localhost', port=8191): Failed to establish a new connection: [WinError 10061] No connection could be made because the target machine actively refused it"))
Trying browser cookies...
  Using saved cookies from previous session.
  Refreshed cookies at page 1902
  Page 1910... (37360 total, +16159 new)
  Page 1920... (37560 total, +16359 new)
  Page 1930... (37760 total, +16559 new)
  Page 1940... (37960 total, +16759 new)
  Page 1950... (38160 total, +16959 new)
  Page 1960... (38360 total, +17159 new)
  Page 1970... (38560 total, +17359 new)
  Page 1980... (38760 total, +17559 new)
  Page 1990... (38960 total, +17759 new)
  Page 2000... (39160 total, +17959 new)
  Page 2010... (39360 total, +18159 new)
  Page 2020... (39560 total, +18359 new)
  Page 2030... (39760 total, +18559 new)
  Page 2040... (39960 total, +18759 new)
  No decks found on page 2047, done.

  Listings complete: 40084 total deck URLs collected.
Getting Cloudflare cookies via FlareSolverr...
  FlareSolverr unavailable: HTTPConnectionPool(host='localhost', port=8191): Max retries exceeded with url: /v1 (Caused by NewConnectionError("HTTPConnection(host='localhost', port=8191): Failed to establish a new connection: [WinError 10061] No connection could be made because the target machine actively refused it"))
Trying browser cookies...
  Using saved cookies from previous session.

=== Phase 2: Scraping deck details ===
  Total listings: 40084
  Already scraped: 3
  Remaining: 40081
  Workers: 1, Delay: 1.5s
  100/40081: 86 ok, 0 fail, 0.41/s, ETA 1610m
  200/40081: 186 ok, 0 fail, 0.49/s, ETA 1355m
  300/40081: 286 ok, 0 fail, 0.52/s, ETA 1266m
  400/40081: 382 ok, 0 fail, 0.54/s, ETA 1234m
Getting Cloudflare cookies via FlareSolverr...
  FlareSolverr unavailable: HTTPConnectionPool(host='localhost', port=8191): Max retries exceeded with url: /v1 (Caused by NewConnectionError("HTTPConnection(host='localhost', port=8191): Failed to establish a new connection: [WinError 10061] No connection could be made because the target machine actively refused it"))
Trying browser cookies...
  Using saved cookies from previous session.
  Refreshed cookies at deck 500
  500/40081: 482 ok, 0 fail, 0.55/s, ETA 1205m
  600/40081: 582 ok, 0 fail, 0.56/s, ETA 1183m
  700/40081: 682 ok, 0 fail, 0.56/s, ETA 1166m
  800/40081: 782 ok, 0 fail, 0.57/s, ETA 1152m
  900/40081: 882 ok, 0 fail, 0.57/s, ETA 1141m
Getting Cloudflare cookies via FlareSolverr...
  FlareSolverr unavailable: HTTPConnectionPool(host='localhost', port=8191): Max retries exceeded with url: /v1 (Caused by NewConnectionError("HTTPConnection(host='localhost', port=8191): Failed to establish a new connection: [WinError 10061] No connection could be made because the target machine actively refused it"))
Trying browser cookies...
  Using saved cookies from previous session.
  Refreshed cookies at deck 1000
  1000/40081: 982 ok, 0 fail, 0.57/s, ETA 1134m
  1100/40081: 1076 ok, 0 fail, 0.57/s, ETA 1132m
  1200/40081: 1170 ok, 0 fail, 0.57/s, ETA 1135m
  1300/40081: 1262 ok, 0 fail, 0.57/s, ETA 1134m
  1400/40081: 1362 ok, 0 fail, 0.57/s, ETA 1127m
Getting Cloudflare cookies via FlareSolverr...
  FlareSolverr unavailable: HTTPConnectionPool(host='localhost', port=8191): Max retries exceeded with url: /v1 (Caused by NewConnectionError("HTTPConnection(host='localhost', port=8191): Failed to establish a new connection: [WinError 10061] No connection could be made because the target machine actively refused it"))
Trying browser cookies...
  Using saved cookies from previous session.
  Refreshed cookies at deck 1500
  1500/40081: 1462 ok, 0 fail, 0.57/s, ETA 1121m
  1600/40081: 1562 ok, 0 fail, 0.58/s, ETA 1114m
  1700/40081: 1662 ok, 0 fail, 0.58/s, ETA 1108m
  1800/40081: 1760 ok, 0 fail, 0.58/s, ETA 1104m
  1900/40081: 1856 ok, 2 fail, 0.58/s, ETA 1102m
Getting Cloudflare cookies via FlareSolverr...
  FlareSolverr unavailable: HTTPConnectionPool(host='localhost', port=8191): Max retries exceeded with url: /v1 (Caused by NewConnectionError("HTTPConnection(host='localhost', port=8191): Failed to establish a new connection: [WinError 10061] No connection could be made because the target machine actively refused it"))
Trying browser cookies...
  Using saved cookies from previous session.
  Refreshed cookies at deck 2000
  2000/40081: 1950 ok, 0 fail, 0.58/s, ETA 1103m
  2100/40081: 2043 ok, 0 fail, 0.57/s, ETA 1101m
  2200/40081: 2138 ok, 0 fail, 0.58/s, ETA 1098m
  2300/40081: 2230 ok, 0 fail, 0.57/s, ETA 1096m
  2400/40081: 2329 ok, 0 fail, 0.58/s, ETA 1092m
Getting Cloudflare cookies via FlareSolverr...
  FlareSolverr unavailable: HTTPConnectionPool(host='localhost', port=8191): Max retries exceeded with url: /v1 (Caused by NewConnectionError("HTTPConnection(host='localhost', port=8191): Failed to establish a new connection: [WinError 10061] No connection could be made because the target machine actively refused it"))
Trying browser cookies...
  Using saved cookies from previous session.
  Refreshed cookies at deck 2500
  2500/40081: 2423 ok, 0 fail, 0.57/s, ETA 1093m
  2600/40081: 2515 ok, 0 fail, 0.57/s, ETA 1091m
  2700/40081: 2594 ok, 0 fail, 0.56/s, ETA 1103m
  2800/40081: 2691 ok, 0 fail, 0.57/s, ETA 1098m
  2900/40081: 2782 ok, 0 fail, 0.56/s, ETA 1098m
Getting Cloudflare cookies via FlareSolverr...
  FlareSolverr unavailable: HTTPConnectionPool(host='localhost', port=8191): Max retries exceeded with url: /v1 (Caused by NewConnectionError("HTTPConnection(host='localhost', port=8191): Failed to establish a new connection: [WinError 10061] No connection could be made because the target machine actively refused it"))
Trying browser cookies...
  Using saved cookies from previous session.
  Refreshed cookies at deck 3000
  3000/40081: 2875 ok, 0 fail, 0.56/s, ETA 1100m
  3100/40081: 2975 ok, 0 fail, 0.56/s, ETA 1095m
  3200/40081: 3075 ok, 0 fail, 0.56/s, ETA 1089m
  3300/40081: 3175 ok, 0 fail, 0.57/s, ETA 1084m
  3400/40081: 3275 ok, 0 fail, 0.57/s, ETA 1079m
Getting Cloudflare cookies via FlareSolverr...
  FlareSolverr unavailable: HTTPConnectionPool(host='localhost', port=8191): Max retries exceeded with url: /v1 (Caused by NewConnectionError("HTTPConnection(host='localhost', port=8191): Failed to establish a new connection: [WinError 10061] No connection could be made because the target machine actively refused it"))
Trying browser cookies...
  Using saved cookies from previous session.
  Refreshed cookies at deck 3500
  3500/40081: 3375 ok, 0 fail, 0.57/s, ETA 1075m
  3600/40081: 3475 ok, 0 fail, 0.57/s, ETA 1070m
  3700/40081: 3575 ok, 0 fail, 0.57/s, ETA 1065m
  3800/40081: 3675 ok, 0 fail, 0.57/s, ETA 1061m
  3900/40081: 3775 ok, 0 fail, 0.57/s, ETA 1056m
Getting Cloudflare cookies via FlareSolverr...
  FlareSolverr unavailable: HTTPConnectionPool(host='localhost', port=8191): Max retries exceeded with url: /v1 (Caused by NewConnectionError("HTTPConnection(host='localhost', port=8191): Failed to establish a new connection: [WinError 10061] No connection could be made because the target machine actively refused it"))
Trying browser cookies...
  Using saved cookies from previous session.
  Refreshed cookies at deck 4000
  4000/40081: 3875 ok, 0 fail, 0.57/s, ETA 1052m
  4100/40081: 3975 ok, 0 fail, 0.57/s, ETA 1048m
  4200/40081: 4072 ok, 0 fail, 0.57/s, ETA 1045m
  4300/40081: 4172 ok, 0 fail, 0.57/s, ETA 1041m
  4400/40081: 4272 ok, 0 fail, 0.57/s, ETA 1037m
Getting Cloudflare cookies via FlareSolverr...
  FlareSolverr unavailable: HTTPConnectionPool(host='localhost', port=8191): Max retries exceeded with url: /v1 (Caused by NewConnectionError("HTTPConnection(host='localhost', port=8191): Failed to establish a new connection: [WinError 10061] No connection could be made because the target machine actively refused it"))
Trying browser cookies...
  Using saved cookies from previous session.
  Refreshed cookies at deck 4500
  4500/40081: 4372 ok, 0 fail, 0.57/s, ETA 1033m
  4600/40081: 4472 ok, 0 fail, 0.57/s, ETA 1029m
  4700/40081: 4572 ok, 0 fail, 0.58/s, ETA 1025m
  4800/40081: 4672 ok, 0 fail, 0.58/s, ETA 1020m
  4900/40081: 4772 ok, 0 fail, 0.58/s, ETA 1017m
Getting Cloudflare cookies via FlareSolverr...
  FlareSolverr unavailable: HTTPConnectionPool(host='localhost', port=8191): Max retries exceeded with url: /v1 (Caused by NewConnectionError("HTTPConnection(host='localhost', port=8191): Failed to establish a new connection: [WinError 10061] No connection could be made because the target machine actively refused it"))
Trying browser cookies...
  Using saved cookies from previous session.
  Refreshed cookies at deck 5000
  5000/40081: 4870 ok, 0 fail, 0.58/s, ETA 1014m
  5100/40081: 4969 ok, 0 fail, 0.58/s, ETA 1010m
  5200/40081: 5067 ok, 0 fail, 0.58/s, ETA 1007m
  5300/40081: 5166 ok, 0 fail, 0.58/s, ETA 1003m
  5400/40081: 5266 ok, 0 fail, 0.58/s, ETA 1000m
Getting Cloudflare cookies via FlareSolverr...
  FlareSolverr unavailable: HTTPConnectionPool(host='localhost', port=8191): Max retries exceeded with url: /v1 (Caused by NewConnectionError("HTTPConnection(host='localhost', port=8191): Failed to establish a new connection: [WinError 10061] No connection could be made because the target machine actively refused it"))
Trying browser cookies...
  Using saved cookies from previous session.
  Refreshed cookies at deck 5500
  5500/40081: 5366 ok, 0 fail, 0.58/s, ETA 996m
  5600/40081: 5466 ok, 0 fail, 0.58/s, ETA 992m
  5700/40081: 5566 ok, 0 fail, 0.58/s, ETA 989m
  5800/40081: 5666 ok, 0 fail, 0.58/s, ETA 985m
  5900/40081: 5766 ok, 0 fail, 0.58/s, ETA 981m
Getting Cloudflare cookies via FlareSolverr...
  FlareSolverr unavailable: HTTPConnectionPool(host='localhost', port=8191): Max retries exceeded with url: /v1 (Caused by NewConnectionError("HTTPConnection(host='localhost', port=8191): Failed to establish a new connection: [WinError 10061] No connection could be made because the target machine actively refused it"))
Trying browser cookies...
  Using saved cookies from previous session.
  Refreshed cookies at deck 6000
  6000/40081: 5866 ok, 0 fail, 0.58/s, ETA 978m
  6100/40081: 5966 ok, 0 fail, 0.58/s, ETA 975m
  6200/40081: 6066 ok, 0 fail, 0.58/s, ETA 971m
  6300/40081: 6166 ok, 0 fail, 0.58/s, ETA 968m
  6400/40081: 6265 ok, 0 fail, 0.58/s, ETA 964m
Getting Cloudflare cookies via FlareSolverr...
  FlareSolverr unavailable: HTTPConnectionPool(host='localhost', port=8191): Max retries exceeded with url: /v1 (Caused by NewConnectionError("HTTPConnection(host='localhost', port=8191): Failed to establish a new connection: [WinError 10061] No connection could be made because the target machine actively refused it"))
Trying browser cookies...
  Using saved cookies from previous session.
  Refreshed cookies at deck 6500
  6500/40081: 6365 ok, 0 fail, 0.58/s, ETA 961m
  6600/40081: 6465 ok, 0 fail, 0.58/s, ETA 958m
  6700/40081: 6565 ok, 0 fail, 0.58/s, ETA 954m
  6800/40081: 6665 ok, 0 fail, 0.58/s, ETA 951m
  6900/40081: 6765 ok, 0 fail, 0.58/s, ETA 947m
Getting Cloudflare cookies via FlareSolverr...
  FlareSolverr unavailable: HTTPConnectionPool(host='localhost', port=8191): Max retries exceeded with url: /v1 (Caused by NewConnectionError("HTTPConnection(host='localhost', port=8191): Failed to establish a new connection: [WinError 10061] No connection could be made because the target machine actively refused it"))
Trying browser cookies...
  Using saved cookies from previous session.
  Refreshed cookies at deck 7000
  7000/40081: 6865 ok, 0 fail, 0.58/s, ETA 944m
  7100/40081: 6965 ok, 0 fail, 0.58/s, ETA 941m
  7200/40081: 7065 ok, 0 fail, 0.58/s, ETA 938m
  7300/40081: 7164 ok, 0 fail, 0.58/s, ETA 935m
  7400/40081: 7264 ok, 0 fail, 0.58/s, ETA 931m
Getting Cloudflare cookies via FlareSolverr...
  FlareSolverr unavailable: HTTPConnectionPool(host='localhost', port=8191): Max retries exceeded with url: /v1 (Caused by NewConnectionError("HTTPConnection(host='localhost', port=8191): Failed to establish a new connection: [WinError 10061] No connection could be made because the target machine actively refused it"))
Trying browser cookies...
  Using saved cookies from previous session.
  Refreshed cookies at deck 7500
  7500/40081: 7363 ok, 0 fail, 0.58/s, ETA 928m
  7600/40081: 7463 ok, 0 fail, 0.59/s, ETA 925m
  7700/40081: 7563 ok, 0 fail, 0.59/s, ETA 922m
  7800/40081: 7663 ok, 0 fail, 0.59/s, ETA 919m
  7900/40081: 7762 ok, 0 fail, 0.59/s, ETA 915m
Getting Cloudflare cookies via FlareSolverr...
  FlareSolverr unavailable: HTTPConnectionPool(host='localhost', port=8191): Max retries exceeded with url: /v1 (Caused by NewConnectionError("HTTPConnection(host='localhost', port=8191): Failed to establish a new connection: [WinError 10061] No connection could be made because the target machine actively refused it"))
Trying browser cookies...
  Using saved cookies from previous session.
  Refreshed cookies at deck 8000
  8000/40081: 7859 ok, 0 fail, 0.59/s, ETA 913m
  8100/40081: 7959 ok, 0 fail, 0.59/s, ETA 910m
  8200/40081: 8059 ok, 0 fail, 0.59/s, ETA 906m
  8300/40081: 8159 ok, 0 fail, 0.59/s, ETA 903m
  8400/40081: 8259 ok, 0 fail, 0.59/s, ETA 900m
Getting Cloudflare cookies via FlareSolverr...
  FlareSolverr unavailable: HTTPConnectionPool(host='localhost', port=8191): Max retries exceeded with url: /v1 (Caused by NewConnectionError("HTTPConnection(host='localhost', port=8191): Failed to establish a new connection: [WinError 10061] No connection could be made because the target machine actively refused it"))
Trying browser cookies...
  Using saved cookies from previous session.
  Refreshed cookies at deck 8500
  8500/40081: 8359 ok, 0 fail, 0.59/s, ETA 897m
  8600/40081: 8459 ok, 0 fail, 0.59/s, ETA 894m
  8700/40081: 8559 ok, 0 fail, 0.59/s, ETA 891m
  8800/40081: 8659 ok, 0 fail, 0.59/s, ETA 888m
  8900/40081: 8759 ok, 0 fail, 0.59/s, ETA 884m
Getting Cloudflare cookies via FlareSolverr...
  FlareSolverr unavailable: HTTPConnectionPool(host='localhost', port=8191): Max retries exceeded with url: /v1 (Caused by NewConnectionError("HTTPConnection(host='localhost', port=8191): Failed to establish a new connection: [WinError 10061] No connection could be made because the target machine actively refused it"))
Trying browser cookies...
  Using saved cookies from previous session.
  Refreshed cookies at deck 9000
  9000/40081: 8858 ok, 0 fail, 0.59/s, ETA 882m
  9100/40081: 8958 ok, 0 fail, 0.59/s, ETA 878m
  9200/40081: 9058 ok, 0 fail, 0.59/s, ETA 875m
  9300/40081: 9158 ok, 0 fail, 0.59/s, ETA 872m
  9400/40081: 9258 ok, 0 fail, 0.59/s, ETA 869m
Getting Cloudflare cookies via FlareSolverr...
  FlareSolverr unavailable: HTTPConnectionPool(host='localhost', port=8191): Max retries exceeded with url: /v1 (Caused by NewConnectionError("HTTPConnection(host='localhost', port=8191): Failed to establish a new connection: [WinError 10061] No connection could be made because the target machine actively refused it"))
Trying browser cookies...
  Using saved cookies from previous session.
  Refreshed cookies at deck 9500
  9500/40081: 9358 ok, 0 fail, 0.59/s, ETA 866m
  9600/40081: 9458 ok, 0 fail, 0.59/s, ETA 863m
  9700/40081: 9558 ok, 0 fail, 0.59/s, ETA 860m
  9800/40081: 9658 ok, 0 fail, 0.59/s, ETA 857m
  9900/40081: 9758 ok, 0 fail, 0.59/s, ETA 854m
Getting Cloudflare cookies via FlareSolverr...
  FlareSolverr unavailable: HTTPConnectionPool(host='localhost', port=8191): Max retries exceeded with url: /v1 (Caused by NewConnectionError("HTTPConnection(host='localhost', port=8191): Failed to establish a new connection: [WinError 10061] No connection could be made because the target machine actively refused it"))
Trying browser cookies...
  Using saved cookies from previous session.
  Refreshed cookies at deck 10000
  10000/40081: 9857 ok, 0 fail, 0.59/s, ETA 851m
  10100/40081: 9957 ok, 0 fail, 0.59/s, ETA 848m
  10200/40081: 10056 ok, 0 fail, 0.59/s, ETA 845m
  10300/40081: 10155 ok, 0 fail, 0.59/s, ETA 842m
  10400/40081: 10254 ok, 0 fail, 0.59/s, ETA 839m
Getting Cloudflare cookies via FlareSolverr...
  FlareSolverr unavailable: HTTPConnectionPool(host='localhost', port=8191): Max retries exceeded with url: /v1 (Caused by NewConnectionError("HTTPConnection(host='localhost', port=8191): Failed to establish a new connection: [WinError 10061] No connection could be made because the target machine actively refused it"))
Trying browser cookies...
  Using saved cookies from previous session.
  Refreshed cookies at deck 10500
  10500/40081: 10354 ok, 0 fail, 0.59/s, ETA 836m
  10600/40081: 10454 ok, 0 fail, 0.59/s, ETA 833m
  10700/40081: 10554 ok, 0 fail, 0.59/s, ETA 830m
  10800/40081: 10654 ok, 0 fail, 0.59/s, ETA 827m
  10900/40081: 10754 ok, 0 fail, 0.59/s, ETA 824m
Getting Cloudflare cookies via FlareSolverr...
  FlareSolverr unavailable: HTTPConnectionPool(host='localhost', port=8191): Max retries exceeded with url: /v1 (Caused by NewConnectionError("HTTPConnection(host='localhost', port=8191): Failed to establish a new connection: [WinError 10061] No connection could be made because the target machine actively refused it"))
Trying browser cookies...
  Using saved cookies from previous session.
  Refreshed cookies at deck 11000
  11000/40081: 10854 ok, 0 fail, 0.59/s, ETA 821m
  11100/40081: 10954 ok, 0 fail, 0.59/s, ETA 818m
  11200/40081: 11054 ok, 0 fail, 0.59/s, ETA 815m
  11300/40081: 11154 ok, 0 fail, 0.59/s, ETA 812m
  11400/40081: 11254 ok, 0 fail, 0.59/s, ETA 809m
Getting Cloudflare cookies via FlareSolverr...
  FlareSolverr unavailable: HTTPConnectionPool(host='localhost', port=8191): Max retries exceeded with url: /v1 (Caused by NewConnectionError("HTTPConnection(host='localhost', port=8191): Failed to establish a new connection: [WinError 10061] No connection could be made because the target machine actively refused it"))
Trying browser cookies...
  Using saved cookies from previous session.
  Refreshed cookies at deck 11500
  11500/40081: 11353 ok, 0 fail, 0.59/s, ETA 806m
  11600/40081: 11453 ok, 0 fail, 0.59/s, ETA 803m
  11700/40081: 11553 ok, 0 fail, 0.59/s, ETA 800m
  11800/40081: 11653 ok, 0 fail, 0.59/s, ETA 797m
  11900/40081: 11753 ok, 0 fail, 0.59/s, ETA 794m
Getting Cloudflare cookies via FlareSolverr...
  FlareSolverr unavailable: HTTPConnectionPool(host='localhost', port=8191): Max retries exceeded with url: /v1 (Caused by NewConnectionError("HTTPConnection(host='localhost', port=8191): Failed to establish a new connection: [WinError 10061] No connection could be made because the target machine actively refused it"))
Trying browser cookies...
  Using saved cookies from previous session.
  Refreshed cookies at deck 12000
  12000/40081: 11853 ok, 0 fail, 0.59/s, ETA 791m
  12100/40081: 11950 ok, 0 fail, 0.59/s, ETA 789m
  12200/40081: 12050 ok, 0 fail, 0.59/s, ETA 786m
  12300/40081: 12146 ok, 0 fail, 0.59/s, ETA 783m
  12400/40081: 12246 ok, 0 fail, 0.59/s, ETA 780m
Getting Cloudflare cookies via FlareSolverr...
  FlareSolverr unavailable: HTTPConnectionPool(host='localhost', port=8191): Max retries exceeded with url: /v1 (Caused by NewConnectionError("HTTPConnection(host='localhost', port=8191): Failed to establish a new connection: [WinError 10061] No connection could be made because the target machine actively refused it"))
Trying browser cookies...
  Using saved cookies from previous session.
  Refreshed cookies at deck 12500
  12500/40081: 12346 ok, 0 fail, 0.59/s, ETA 777m
  12600/40081: 12446 ok, 0 fail, 0.59/s, ETA 774m
  12700/40081: 12545 ok, 1 fail, 0.59/s, ETA 771m
  12800/40081: 12644 ok, 0 fail, 0.59/s, ETA 769m
  12900/40081: 12743 ok, 0 fail, 0.59/s, ETA 766m
Getting Cloudflare cookies via FlareSolverr...
  FlareSolverr unavailable: HTTPConnectionPool(host='localhost', port=8191): Max retries exceeded with url: /v1 (Caused by NewConnectionError("HTTPConnection(host='localhost', port=8191): Failed to establish a new connection: [WinError 10061] No connection could be made because the target machine actively refused it"))
Trying browser cookies...
  Using saved cookies from previous session.
  Refreshed cookies at deck 13000
  13000/40081: 12843 ok, 0 fail, 0.59/s, ETA 763m
  13100/40081: 12943 ok, 0 fail, 0.59/s, ETA 760m
  13200/40081: 13043 ok, 0 fail, 0.59/s, ETA 757m
  13300/40081: 13143 ok, 0 fail, 0.59/s, ETA 754m
  13400/40081: 13242 ok, 0 fail, 0.59/s, ETA 751m
Getting Cloudflare cookies via FlareSolverr...
  FlareSolverr unavailable: HTTPConnectionPool(host='localhost', port=8191): Max retries exceeded with url: /v1 (Caused by NewConnectionError("HTTPConnection(host='localhost', port=8191): Failed to establish a new connection: [WinError 10061] No connection could be made because the target machine actively refused it"))
Trying browser cookies...
  Using saved cookies from previous session.
  Refreshed cookies at deck 13500
  13500/40081: 13342 ok, 0 fail, 0.59/s, ETA 748m
  13600/40081: 13442 ok, 0 fail, 0.59/s, ETA 745m
  13700/40081: 13542 ok, 0 fail, 0.59/s, ETA 742m
  13800/40081: 13642 ok, 0 fail, 0.59/s, ETA 739m
  13900/40081: 13742 ok, 0 fail, 0.59/s, ETA 737m
Getting Cloudflare cookies via FlareSolverr...
  FlareSolverr unavailable: HTTPConnectionPool(host='localhost', port=8191): Max retries exceeded with url: /v1 (Caused by NewConnectionError("HTTPConnection(host='localhost', port=8191): Failed to establish a new connection: [WinError 10061] No connection could be made because the target machine actively refused it"))
Trying browser cookies...
  Using saved cookies from previous session.
  Refreshed cookies at deck 14000
  14000/40081: 13842 ok, 0 fail, 0.59/s, ETA 734m
  14100/40081: 13942 ok, 0 fail, 0.59/s, ETA 731m
  14200/40081: 14042 ok, 0 fail, 0.59/s, ETA 728m
  14300/40081: 14142 ok, 0 fail, 0.59/s, ETA 725m
  14400/40081: 14242 ok, 0 fail, 0.59/s, ETA 722m
Getting Cloudflare cookies via FlareSolverr...
  FlareSolverr unavailable: HTTPConnectionPool(host='localhost', port=8191): Max retries exceeded with url: /v1 (Caused by NewConnectionError("HTTPConnection(host='localhost', port=8191): Failed to establish a new connection: [WinError 10061] No connection could be made because the target machine actively refused it"))
Trying browser cookies...
  Using saved cookies from previous session.
  Refreshed cookies at deck 14500
  14500/40081: 14342 ok, 0 fail, 0.59/s, ETA 719m
  14600/40081: 14441 ok, 0 fail, 0.59/s, ETA 716m
  14700/40081: 14541 ok, 0 fail, 0.59/s, ETA 713m
  14800/40081: 14641 ok, 0 fail, 0.59/s, ETA 710m
  14900/40081: 14740 ok, 0 fail, 0.59/s, ETA 708m
Getting Cloudflare cookies via FlareSolverr...
  FlareSolverr unavailable: HTTPConnectionPool(host='localhost', port=8191): Max retries exceeded with url: /v1 (Caused by NewConnectionError("HTTPConnection(host='localhost', port=8191): Failed to establish a new connection: [WinError 10061] No connection could be made because the target machine actively refused it"))
Trying browser cookies...
  Using saved cookies from previous session.
  Refreshed cookies at deck 15000
  15000/40081: 14840 ok, 0 fail, 0.59/s, ETA 705m
  15100/40081: 14940 ok, 0 fail, 0.59/s, ETA 702m
  15200/40081: 15040 ok, 0 fail, 0.59/s, ETA 699m
  15300/40081: 15140 ok, 0 fail, 0.59/s, ETA 696m
  15400/40081: 15236 ok, 0 fail, 0.59/s, ETA 693m
Getting Cloudflare cookies via FlareSolverr...
  FlareSolverr unavailable: HTTPConnectionPool(host='localhost', port=8191): Max retries exceeded with url: /v1 (Caused by NewConnectionError("HTTPConnection(host='localhost', port=8191): Failed to establish a new connection: [WinError 10061] No connection could be made because the target machine actively refused it"))
Trying browser cookies...
  Using saved cookies from previous session.
  Refreshed cookies at deck 15500
  15500/40081: 15334 ok, 0 fail, 0.59/s, ETA 691m
  15600/40081: 15434 ok, 0 fail, 0.59/s, ETA 688m
  15700/40081: 15534 ok, 0 fail, 0.59/s, ETA 685m
  15800/40081: 15632 ok, 0 fail, 0.59/s, ETA 682m
  15900/40081: 15732 ok, 0 fail, 0.59/s, ETA 679m
Getting Cloudflare cookies via FlareSolverr...
  FlareSolverr unavailable: HTTPConnectionPool(host='localhost', port=8191): Max retries exceeded with url: /v1 (Caused by NewConnectionError("HTTPConnection(host='localhost', port=8191): Failed to establish a new connection: [WinError 10061] No connection could be made because the target machine actively refused it"))
Trying browser cookies...
  Using saved cookies from previous session.
  Refreshed cookies at deck 16000
  16000/40081: 15832 ok, 0 fail, 0.59/s, ETA 676m
  16100/40081: 15932 ok, 0 fail, 0.59/s, ETA 673m
  16200/40081: 16032 ok, 0 fail, 0.59/s, ETA 671m
  16300/40081: 16132 ok, 0 fail, 0.59/s, ETA 668m
  16400/40081: 16232 ok, 0 fail, 0.59/s, ETA 665m
Getting Cloudflare cookies via FlareSolverr...
  FlareSolverr unavailable: HTTPConnectionPool(host='localhost', port=8191): Max retries exceeded with url: /v1 (Caused by NewConnectionError("HTTPConnection(host='localhost', port=8191): Failed to establish a new connection: [WinError 10061] No connection could be made because the target machine actively refused it"))
Trying browser cookies...
  Using saved cookies from previous session.
  Refreshed cookies at deck 16500
  16500/40081: 16332 ok, 0 fail, 0.59/s, ETA 662m
  16600/40081: 16432 ok, 0 fail, 0.59/s, ETA 659m
  16700/40081: 16532 ok, 0 fail, 0.59/s, ETA 656m
  16800/40081: 16632 ok, 0 fail, 0.59/s, ETA 653m
  16900/40081: 16732 ok, 0 fail, 0.59/s, ETA 651m
Getting Cloudflare cookies via FlareSolverr...
  FlareSolverr unavailable: HTTPConnectionPool(host='localhost', port=8191): Max retries exceeded with url: /v1 (Caused by NewConnectionError("HTTPConnection(host='localhost', port=8191): Failed to establish a new connection: [WinError 10061] No connection could be made because the target machine actively refused it"))
Trying browser cookies...
  Using saved cookies from previous session.
  Refreshed cookies at deck 17000
  17000/40081: 16832 ok, 0 fail, 0.59/s, ETA 648m
  17100/40081: 16932 ok, 0 fail, 0.59/s, ETA 645m
  17200/40081: 17032 ok, 0 fail, 0.59/s, ETA 642m
  17300/40081: 17132 ok, 0 fail, 0.59/s, ETA 639m
  17400/40081: 17232 ok, 0 fail, 0.59/s, ETA 636m
Getting Cloudflare cookies via FlareSolverr...
  FlareSolverr unavailable: HTTPConnectionPool(host='localhost', port=8191): Max retries exceeded with url: /v1 (Caused by NewConnectionError("HTTPConnection(host='localhost', port=8191): Failed to establish a new connection: [WinError 10061] No connection could be made because the target machine actively refused it"))
Trying browser cookies...
  Using saved cookies from previous session.
  Refreshed cookies at deck 17500
  17500/40081: 17332 ok, 0 fail, 0.59/s, ETA 634m
  17600/40081: 17432 ok, 0 fail, 0.59/s, ETA 631m
  17700/40081: 17532 ok, 0 fail, 0.59/s, ETA 628m
  17800/40081: 17632 ok, 0 fail, 0.59/s, ETA 625m
  17900/40081: 17732 ok, 0 fail, 0.59/s, ETA 622m
Getting Cloudflare cookies via FlareSolverr...
  FlareSolverr unavailable: HTTPConnectionPool(host='localhost', port=8191): Max retries exceeded with url: /v1 (Caused by NewConnectionError("HTTPConnection(host='localhost', port=8191): Failed to establish a new connection: [WinError 10061] No connection could be made because the target machine actively refused it"))
Trying browser cookies...
  Using saved cookies from previous session.
  Refreshed cookies at deck 18000
  18000/40081: 17832 ok, 0 fail, 0.59/s, ETA 619m
  18100/40081: 17932 ok, 0 fail, 0.59/s, ETA 616m
  18200/40081: 18031 ok, 0 fail, 0.59/s, ETA 614m
  18300/40081: 18127 ok, 0 fail, 0.59/s, ETA 611m
  18400/40081: 18227 ok, 0 fail, 0.59/s, ETA 608m
Getting Cloudflare cookies via FlareSolverr...
  FlareSolverr unavailable: HTTPConnectionPool(host='localhost', port=8191): Max retries exceeded with url: /v1 (Caused by NewConnectionError("HTTPConnection(host='localhost', port=8191): Failed to establish a new connection: [WinError 10061] No connection could be made because the target machine actively refused it"))
Trying browser cookies...
  Using saved cookies from previous session.
  Refreshed cookies at deck 18500
  18500/40081: 18327 ok, 0 fail, 0.59/s, ETA 605m
  18600/40081: 18427 ok, 0 fail, 0.59/s, ETA 602m
  18700/40081: 18527 ok, 0 fail, 0.59/s, ETA 599m
  18800/40081: 18627 ok, 0 fail, 0.59/s, ETA 597m
  18900/40081: 18724 ok, 0 fail, 0.59/s, ETA 594m
Getting Cloudflare cookies via FlareSolverr...
  FlareSolverr unavailable: HTTPConnectionPool(host='localhost', port=8191): Max retries exceeded with url: /v1 (Caused by NewConnectionError("HTTPConnection(host='localhost', port=8191): Failed to establish a new connection: [WinError 10061] No connection could be made because the target machine actively refused it"))
Trying browser cookies...
  Using saved cookies from previous session.
  Refreshed cookies at deck 19000
  19000/40081: 18824 ok, 0 fail, 0.59/s, ETA 591m
  19100/40081: 18924 ok, 0 fail, 0.59/s, ETA 588m
  19200/40081: 19024 ok, 0 fail, 0.59/s, ETA 585m
  19300/40081: 19124 ok, 0 fail, 0.59/s, ETA 583m
  19400/40081: 19224 ok, 0 fail, 0.59/s, ETA 580m
Getting Cloudflare cookies via FlareSolverr...
  FlareSolverr unavailable: HTTPConnectionPool(host='localhost', port=8191): Max retries exceeded with url: /v1 (Caused by NewConnectionError("HTTPConnection(host='localhost', port=8191): Failed to establish a new connection: [WinError 10061] No connection could be made because the target machine actively refused it"))
Trying browser cookies...
  Using saved cookies from previous session.
  Refreshed cookies at deck 19500
  19500/40081: 19324 ok, 0 fail, 0.59/s, ETA 577m
  19600/40081: 19424 ok, 0 fail, 0.59/s, ETA 574m
  19700/40081: 19524 ok, 0 fail, 0.59/s, ETA 571m
  19800/40081: 19623 ok, 0 fail, 0.59/s, ETA 568m
  19900/40081: 19718 ok, 0 fail, 0.59/s, ETA 566m
Getting Cloudflare cookies via FlareSolverr...
  FlareSolverr unavailable: HTTPConnectionPool(host='localhost', port=8191): Max retries exceeded with url: /v1 (Caused by NewConnectionError("HTTPConnection(host='localhost', port=8191): Failed to establish a new connection: [WinError 10061] No connection could be made because the target machine actively refused it"))
Trying browser cookies...
  Using saved cookies from previous session.
  Refreshed cookies at deck 20000
  20000/40081: 19817 ok, 0 fail, 0.59/s, ETA 563m
  20100/40081: 19917 ok, 0 fail, 0.59/s, ETA 560m
  20200/40081: 20017 ok, 0 fail, 0.59/s, ETA 557m
  20300/40081: 20117 ok, 0 fail, 0.59/s, ETA 554m
  20400/40081: 20217 ok, 0 fail, 0.59/s, ETA 551m
Getting Cloudflare cookies via FlareSolverr...
  FlareSolverr unavailable: HTTPConnectionPool(host='localhost', port=8191): Max retries exceeded with url: /v1 (Caused by NewConnectionError("HTTPConnection(host='localhost', port=8191): Failed to establish a new connection: [WinError 10061] No connection could be made because the target machine actively refused it"))
Trying browser cookies...
  Using saved cookies from previous session.
  Refreshed cookies at deck 20500
  20500/40081: 20317 ok, 0 fail, 0.59/s, ETA 549m
  20600/40081: 20417 ok, 0 fail, 0.59/s, ETA 546m
  20700/40081: 20514 ok, 0 fail, 0.59/s, ETA 543m
  20800/40081: 20614 ok, 0 fail, 0.59/s, ETA 540m
  20900/40081: 20714 ok, 0 fail, 0.59/s, ETA 537m
Getting Cloudflare cookies via FlareSolverr...
  FlareSolverr unavailable: HTTPConnectionPool(host='localhost', port=8191): Max retries exceeded with url: /v1 (Caused by NewConnectionError("HTTPConnection(host='localhost', port=8191): Failed to establish a new connection: [WinError 10061] No connection could be made because the target machine actively refused it"))
Trying browser cookies...
  Using saved cookies from previous session.
  Refreshed cookies at deck 21000
  21000/40081: 20814 ok, 0 fail, 0.59/s, ETA 535m
  21100/40081: 20914 ok, 0 fail, 0.59/s, ETA 532m
  21200/40081: 21014 ok, 0 fail, 0.59/s, ETA 529m
  21300/40081: 21114 ok, 0 fail, 0.59/s, ETA 526m
  21400/40081: 21214 ok, 0 fail, 0.59/s, ETA 523m
Getting Cloudflare cookies via FlareSolverr...
  FlareSolverr unavailable: HTTPConnectionPool(host='localhost', port=8191): Max retries exceeded with url: /v1 (Caused by NewConnectionError("HTTPConnection(host='localhost', port=8191): Failed to establish a new connection: [WinError 10061] No connection could be made because the target machine actively refused it"))
Trying browser cookies...
  Using saved cookies from previous session.
  Refreshed cookies at deck 21500
  21500/40081: 21309 ok, 0 fail, 0.59/s, ETA 521m
  21600/40081: 21403 ok, 4 fail, 0.59/s, ETA 518m
  21700/40081: 21500 ok, 0 fail, 0.59/s, ETA 516m
  21800/40081: 21600 ok, 0 fail, 0.59/s, ETA 513m
  21900/40081: 21700 ok, 0 fail, 0.59/s, ETA 510m
Getting Cloudflare cookies via FlareSolverr...
  FlareSolverr unavailable: HTTPConnectionPool(host='localhost', port=8191): Max retries exceeded with url: /v1 (Caused by NewConnectionError("HTTPConnection(host='localhost', port=8191): Failed to establish a new connection: [WinError 10061] No connection could be made because the target machine actively refused it"))
Trying browser cookies...
  Using saved cookies from previous session.
  Refreshed cookies at deck 22000
  22000/40081: 21797 ok, 0 fail, 0.59/s, ETA 508m
  22100/40081: 21897 ok, 0 fail, 0.59/s, ETA 505m
  22200/40081: 21997 ok, 0 fail, 0.59/s, ETA 502m
  22300/40081: 22097 ok, 0 fail, 0.59/s, ETA 499m
  22400/40081: 22197 ok, 0 fail, 0.59/s, ETA 496m
Getting Cloudflare cookies via FlareSolverr...
  FlareSolverr unavailable: HTTPConnectionPool(host='localhost', port=8191): Max retries exceeded with url: /v1 (Caused by NewConnectionError("HTTPConnection(host='localhost', port=8191): Failed to establish a new connection: [WinError 10061] No connection could be made because the target machine actively refused it"))
Trying browser cookies...
  Using saved cookies from previous session.
  Refreshed cookies at deck 22500
  22500/40081: 22294 ok, 0 fail, 0.59/s, ETA 494m
  22600/40081: 22394 ok, 0 fail, 0.59/s, ETA 491m
  22700/40081: 22494 ok, 0 fail, 0.59/s, ETA 488m
  22800/40081: 22586 ok, 0 fail, 0.59/s, ETA 485m
  22900/40081: 22678 ok, 0 fail, 0.59/s, ETA 483m
Getting Cloudflare cookies via FlareSolverr...
  FlareSolverr unavailable: HTTPConnectionPool(host='localhost', port=8191): Max retries exceeded with url: /v1 (Caused by NewConnectionError("HTTPConnection(host='localhost', port=8191): Failed to establish a new connection: [WinError 10061] No connection could be made because the target machine actively refused it"))
Trying browser cookies...
  Using saved cookies from previous session.
  Refreshed cookies at deck 23000
  23000/40081: 22778 ok, 0 fail, 0.59/s, ETA 480m
  23100/40081: 22868 ok, 0 fail, 0.59/s, ETA 477m
  23200/40081: 22958 ok, 0 fail, 0.59/s, ETA 475m
  23300/40081: 23058 ok, 0 fail, 0.59/s, ETA 472m
  23400/40081: 23158 ok, 0 fail, 0.59/s, ETA 469m
Getting Cloudflare cookies via FlareSolverr...
  FlareSolverr unavailable: HTTPConnectionPool(host='localhost', port=8191): Max retries exceeded with url: /v1 (Caused by NewConnectionError("HTTPConnection(host='localhost', port=8191): Failed to establish a new connection: [WinError 10061] No connection could be made because the target machine actively refused it"))
Trying browser cookies...
  Using saved cookies from previous session.
  Refreshed cookies at deck 23500
  23500/40081: 23258 ok, 0 fail, 0.59/s, ETA 466m
  23600/40081: 23358 ok, 0 fail, 0.59/s, ETA 463m
  23700/40081: 23456 ok, 0 fail, 0.59/s, ETA 461m
  23800/40081: 23556 ok, 0 fail, 0.59/s, ETA 458m
  23900/40081: 23656 ok, 0 fail, 0.59/s, ETA 455m
Getting Cloudflare cookies via FlareSolverr...
  FlareSolverr unavailable: HTTPConnectionPool(host='localhost', port=8191): Max retries exceeded with url: /v1 (Caused by NewConnectionError("HTTPConnection(host='localhost', port=8191): Failed to establish a new connection: [WinError 10061] No connection could be made because the target machine actively refused it"))
Trying browser cookies...
  Using saved cookies from previous session.
  Refreshed cookies at deck 24000
  24000/40081: 23756 ok, 0 fail, 0.59/s, ETA 452m
  24100/40081: 23853 ok, 0 fail, 0.59/s, ETA 449m
  24200/40081: 23950 ok, 0 fail, 0.59/s, ETA 447m
  24300/40081: 24050 ok, 0 fail, 0.59/s, ETA 444m
  24400/40081: 24150 ok, 0 fail, 0.59/s, ETA 441m
Getting Cloudflare cookies via FlareSolverr...
  FlareSolverr unavailable: HTTPConnectionPool(host='localhost', port=8191): Max retries exceeded with url: /v1 (Caused by NewConnectionError("HTTPConnection(host='localhost', port=8191): Failed to establish a new connection: [WinError 10061] No connection could be made because the target machine actively refused it"))
Trying browser cookies...
  Using saved cookies from previous session.
  Refreshed cookies at deck 24500
  24500/40081: 24250 ok, 0 fail, 0.59/s, ETA 438m
  24600/40081: 24350 ok, 0 fail, 0.59/s, ETA 435m
  24700/40081: 24450 ok, 0 fail, 0.59/s, ETA 432m
  24800/40081: 24550 ok, 0 fail, 0.59/s, ETA 429m
  24900/40081: 24650 ok, 0 fail, 0.59/s, ETA 427m
Getting Cloudflare cookies via FlareSolverr...
  FlareSolverr unavailable: HTTPConnectionPool(host='localhost', port=8191): Max retries exceeded with url: /v1 (Caused by NewConnectionError("HTTPConnection(host='localhost', port=8191): Failed to establish a new connection: [WinError 10061] No connection could be made because the target machine actively refused it"))
Trying browser cookies...
  Using saved cookies from previous session.
  Refreshed cookies at deck 25000
  25000/40081: 24750 ok, 0 fail, 0.59/s, ETA 424m
  25100/40081: 24850 ok, 0 fail, 0.59/s, ETA 421m
  25200/40081: 24950 ok, 0 fail, 0.59/s, ETA 418m
  25300/40081: 25045 ok, 0 fail, 0.59/s, ETA 415m
  25400/40081: 25145 ok, 0 fail, 0.59/s, ETA 413m
Getting Cloudflare cookies via FlareSolverr...
  FlareSolverr unavailable: HTTPConnectionPool(host='localhost', port=8191): Max retries exceeded with url: /v1 (Caused by NewConnectionError("HTTPConnection(host='localhost', port=8191): Failed to establish a new connection: [WinError 10061] No connection could be made because the target machine actively refused it"))
Trying browser cookies...
  Using saved cookies from previous session.
  Refreshed cookies at deck 25500
  25500/40081: 25245 ok, 0 fail, 0.59/s, ETA 410m
  25600/40081: 25345 ok, 0 fail, 0.59/s, ETA 407m
  25700/40081: 25443 ok, 0 fail, 0.59/s, ETA 404m
  25800/40081: 25543 ok, 0 fail, 0.59/s, ETA 401m
  25900/40081: 25643 ok, 0 fail, 0.59/s, ETA 398m
Getting Cloudflare cookies via FlareSolverr...
  FlareSolverr unavailable: HTTPConnectionPool(host='localhost', port=8191): Max retries exceeded with url: /v1 (Caused by NewConnectionError("HTTPConnection(host='localhost', port=8191): Failed to establish a new connection: [WinError 10061] No connection could be made because the target machine actively refused it"))
Trying browser cookies...
  Using saved cookies from previous session.
  Refreshed cookies at deck 26000
  26000/40081: 25743 ok, 0 fail, 0.59/s, ETA 396m
  26100/40081: 25843 ok, 0 fail, 0.59/s, ETA 393m
  26200/40081: 25941 ok, 0 fail, 0.59/s, ETA 390m
  26300/40081: 26041 ok, 0 fail, 0.59/s, ETA 387m
  26400/40081: 26141 ok, 0 fail, 0.59/s, ETA 384m
Getting Cloudflare cookies via FlareSolverr...
  FlareSolverr unavailable: HTTPConnectionPool(host='localhost', port=8191): Max retries exceeded with url: /v1 (Caused by NewConnectionError("HTTPConnection(host='localhost', port=8191): Failed to establish a new connection: [WinError 10061] No connection could be made because the target machine actively refused it"))
Trying browser cookies...
  Using saved cookies from previous session.
  Refreshed cookies at deck 26500
  26500/40081: 26241 ok, 0 fail, 0.59/s, ETA 381m
  26600/40081: 26341 ok, 0 fail, 0.59/s, ETA 379m
  26700/40081: 26441 ok, 0 fail, 0.59/s, ETA 376m
  26800/40081: 26541 ok, 0 fail, 0.59/s, ETA 373m
  26900/40081: 26641 ok, 0 fail, 0.59/s, ETA 370m
Getting Cloudflare cookies via FlareSolverr...
  FlareSolverr unavailable: HTTPConnectionPool(host='localhost', port=8191): Max retries exceeded with url: /v1 (Caused by NewConnectionError("HTTPConnection(host='localhost', port=8191): Failed to establish a new connection: [WinError 10061] No connection could be made because the target machine actively refused it"))
Trying browser cookies...
  Using saved cookies from previous session.
  Refreshed cookies at deck 27000
  27000/40081: 26741 ok, 0 fail, 0.59/s, ETA 367m
  27100/40081: 26841 ok, 0 fail, 0.59/s, ETA 365m
  27200/40081: 26941 ok, 0 fail, 0.59/s, ETA 362m
  27300/40081: 27041 ok, 0 fail, 0.59/s, ETA 359m
  27400/40081: 27141 ok, 0 fail, 0.59/s, ETA 356m
Getting Cloudflare cookies via FlareSolverr...
  FlareSolverr unavailable: HTTPConnectionPool(host='localhost', port=8191): Max retries exceeded with url: /v1 (Caused by NewConnectionError("HTTPConnection(host='localhost', port=8191): Failed to establish a new connection: [WinError 10061] No connection could be made because the target machine actively refused it"))
Trying browser cookies...
  Using saved cookies from previous session.
  Refreshed cookies at deck 27500
  27500/40081: 27241 ok, 0 fail, 0.59/s, ETA 353m
  27600/40081: 27341 ok, 0 fail, 0.59/s, ETA 350m
  27700/40081: 27441 ok, 0 fail, 0.59/s, ETA 348m
  27800/40081: 27541 ok, 0 fail, 0.59/s, ETA 345m
  27900/40081: 27641 ok, 0 fail, 0.59/s, ETA 342m
Getting Cloudflare cookies via FlareSolverr...
  FlareSolverr unavailable: HTTPConnectionPool(host='localhost', port=8191): Max retries exceeded with url: /v1 (Caused by NewConnectionError("HTTPConnection(host='localhost', port=8191): Failed to establish a new connection: [WinError 10061] No connection could be made because the target machine actively refused it"))
Trying browser cookies...
  Using saved cookies from previous session.
  Refreshed cookies at deck 28000
  28000/40081: 27741 ok, 0 fail, 0.59/s, ETA 339m
  28100/40081: 27841 ok, 0 fail, 0.59/s, ETA 336m
  28200/40081: 27941 ok, 0 fail, 0.59/s, ETA 333m
  28300/40081: 28041 ok, 0 fail, 0.59/s, ETA 331m
  28400/40081: 28141 ok, 0 fail, 0.59/s, ETA 328m
Getting Cloudflare cookies via FlareSolverr...
  FlareSolverr unavailable: HTTPConnectionPool(host='localhost', port=8191): Max retries exceeded with url: /v1 (Caused by NewConnectionError("HTTPConnection(host='localhost', port=8191): Failed to establish a new connection: [WinError 10061] No connection could be made because the target machine actively refused it"))
Trying browser cookies...
  Using saved cookies from previous session.
  Refreshed cookies at deck 28500
  28500/40081: 28241 ok, 0 fail, 0.59/s, ETA 325m
  28600/40081: 28341 ok, 0 fail, 0.59/s, ETA 322m
  28700/40081: 28441 ok, 0 fail, 0.59/s, ETA 319m
  28800/40081: 28541 ok, 0 fail, 0.59/s, ETA 316m
  28900/40081: 28641 ok, 0 fail, 0.59/s, ETA 314m
Getting Cloudflare cookies via FlareSolverr...
  FlareSolverr unavailable: HTTPConnectionPool(host='localhost', port=8191): Max retries exceeded with url: /v1 (Caused by NewConnectionError("HTTPConnection(host='localhost', port=8191): Failed to establish a new connection: [WinError 10061] No connection could be made because the target machine actively refused it"))
Trying browser cookies...
  Using saved cookies from previous session.
  Refreshed cookies at deck 29000
  29000/40081: 28741 ok, 0 fail, 0.59/s, ETA 311m
  29100/40081: 28841 ok, 0 fail, 0.59/s, ETA 308m
  29200/40081: 28941 ok, 0 fail, 0.59/s, ETA 305m
  29300/40081: 29041 ok, 0 fail, 0.59/s, ETA 302m
  29400/40081: 29141 ok, 0 fail, 0.59/s, ETA 300m
Getting Cloudflare cookies via FlareSolverr...
  FlareSolverr unavailable: HTTPConnectionPool(host='localhost', port=8191): Max retries exceeded with url: /v1 (Caused by NewConnectionError("HTTPConnection(host='localhost', port=8191): Failed to establish a new connection: [WinError 10061] No connection could be made because the target machine actively refused it"))
Trying browser cookies...
  Using saved cookies from previous session.
  Refreshed cookies at deck 29500
  29500/40081: 29241 ok, 0 fail, 0.59/s, ETA 297m
  29600/40081: 29341 ok, 0 fail, 0.59/s, ETA 294m
  29700/40081: 29441 ok, 0 fail, 0.59/s, ETA 291m
  29800/40081: 29541 ok, 0 fail, 0.59/s, ETA 288m
  29900/40081: 29641 ok, 0 fail, 0.59/s, ETA 285m
Getting Cloudflare cookies via FlareSolverr...
  FlareSolverr unavailable: HTTPConnectionPool(host='localhost', port=8191): Max retries exceeded with url: /v1 (Caused by NewConnectionError("HTTPConnection(host='localhost', port=8191): Failed to establish a new connection: [WinError 10061] No connection could be made because the target machine actively refused it"))
Trying browser cookies...
  Using saved cookies from previous session.
  Refreshed cookies at deck 30000
  30000/40081: 29741 ok, 0 fail, 0.59/s, ETA 283m
  30100/40081: 29841 ok, 0 fail, 0.59/s, ETA 280m
  30200/40081: 29941 ok, 0 fail, 0.59/s, ETA 277m
  30300/40081: 30041 ok, 0 fail, 0.59/s, ETA 274m
  30400/40081: 30141 ok, 0 fail, 0.59/s, ETA 271m
Getting Cloudflare cookies via FlareSolverr...
  FlareSolverr unavailable: HTTPConnectionPool(host='localhost', port=8191): Max retries exceeded with url: /v1 (Caused by NewConnectionError("HTTPConnection(host='localhost', port=8191): Failed to establish a new connection: [WinError 10061] No connection could be made because the target machine actively refused it"))
Trying browser cookies...
  Using saved cookies from previous session.
  Refreshed cookies at deck 30500
  30500/40081: 30241 ok, 0 fail, 0.59/s, ETA 269m
  30600/40081: 30341 ok, 0 fail, 0.59/s, ETA 266m
  30700/40081: 30441 ok, 0 fail, 0.59/s, ETA 263m
  30800/40081: 30541 ok, 0 fail, 0.59/s, ETA 260m
  30900/40081: 30641 ok, 0 fail, 0.59/s, ETA 257m
Getting Cloudflare cookies via FlareSolverr...
  FlareSolverr unavailable: HTTPConnectionPool(host='localhost', port=8191): Max retries exceeded with url: /v1 (Caused by NewConnectionError("HTTPConnection(host='localhost', port=8191): Failed to establish a new connection: [WinError 10061] No connection could be made because the target machine actively refused it"))
Trying browser cookies...
  Using saved cookies from previous session.
  Refreshed cookies at deck 31000
  31000/40081: 30741 ok, 0 fail, 0.59/s, ETA 254m
  31100/40081: 30841 ok, 0 fail, 0.59/s, ETA 252m
  31200/40081: 30941 ok, 0 fail, 0.59/s, ETA 249m
  31300/40081: 31041 ok, 0 fail, 0.59/s, ETA 246m
  31400/40081: 31141 ok, 0 fail, 0.59/s, ETA 243m
Getting Cloudflare cookies via FlareSolverr...
  FlareSolverr unavailable: HTTPConnectionPool(host='localhost', port=8191): Max retries exceeded with url: /v1 (Caused by NewConnectionError("HTTPConnection(host='localhost', port=8191): Failed to establish a new connection: [WinError 10061] No connection could be made because the target machine actively refused it"))
Trying browser cookies...
  Using saved cookies from previous session.
  Refreshed cookies at deck 31500
  31500/40081: 31241 ok, 0 fail, 0.59/s, ETA 240m
  31600/40081: 31341 ok, 0 fail, 0.59/s, ETA 238m
  31700/40081: 31441 ok, 0 fail, 0.59/s, ETA 235m
  31800/40081: 31541 ok, 0 fail, 0.59/s, ETA 232m
  31900/40081: 31641 ok, 0 fail, 0.59/s, ETA 229m
Getting Cloudflare cookies via FlareSolverr...
  FlareSolverr unavailable: HTTPConnectionPool(host='localhost', port=8191): Max retries exceeded with url: /v1 (Caused by NewConnectionError("HTTPConnection(host='localhost', port=8191): Failed to establish a new connection: [WinError 10061] No connection could be made because the target machine actively refused it"))
Trying browser cookies...
  Using saved cookies from previous session.
  Refreshed cookies at deck 32000
  32000/40081: 31741 ok, 0 fail, 0.59/s, ETA 226m
  32100/40081: 31841 ok, 0 fail, 0.59/s, ETA 224m
  32200/40081: 31941 ok, 0 fail, 0.60/s, ETA 221m
  32300/40081: 32041 ok, 0 fail, 0.60/s, ETA 218m
  32400/40081: 32141 ok, 0 fail, 0.60/s, ETA 215m
Getting Cloudflare cookies via FlareSolverr...
  FlareSolverr unavailable: HTTPConnectionPool(host='localhost', port=8191): Max retries exceeded with url: /v1 (Caused by NewConnectionError("HTTPConnection(host='localhost', port=8191): Failed to establish a new connection: [WinError 10061] No connection could be made because the target machine actively refused it"))
Trying browser cookies...
  Using saved cookies from previous session.
  Refreshed cookies at deck 32500
  32500/40081: 32241 ok, 0 fail, 0.60/s, ETA 212m
  32600/40081: 32341 ok, 0 fail, 0.60/s, ETA 210m
  32700/40081: 32441 ok, 0 fail, 0.60/s, ETA 207m
  32800/40081: 32541 ok, 0 fail, 0.60/s, ETA 204m
  32900/40081: 32641 ok, 0 fail, 0.60/s, ETA 201m
Getting Cloudflare cookies via FlareSolverr...
  FlareSolverr unavailable: HTTPConnectionPool(host='localhost', port=8191): Max retries exceeded with url: /v1 (Caused by NewConnectionError("HTTPConnection(host='localhost', port=8191): Failed to establish a new connection: [WinError 10061] No connection could be made because the target machine actively refused it"))
Trying browser cookies...
  Using saved cookies from previous session.
  Refreshed cookies at deck 33000
  33000/40081: 32741 ok, 0 fail, 0.60/s, ETA 198m
  33100/40081: 32841 ok, 0 fail, 0.60/s, ETA 195m
  33200/40081: 32941 ok, 0 fail, 0.60/s, ETA 193m
  33300/40081: 33041 ok, 0 fail, 0.60/s, ETA 190m
  33400/40081: 33141 ok, 0 fail, 0.60/s, ETA 187m
Getting Cloudflare cookies via FlareSolverr...
  FlareSolverr unavailable: HTTPConnectionPool(host='localhost', port=8191): Max retries exceeded with url: /v1 (Caused by NewConnectionError("HTTPConnection(host='localhost', port=8191): Failed to establish a new connection: [WinError 10061] No connection could be made because the target machine actively refused it"))
Trying browser cookies...
  Using saved cookies from previous session.
  Refreshed cookies at deck 33500
  33500/40081: 33241 ok, 0 fail, 0.60/s, ETA 184m
  33600/40081: 33341 ok, 0 fail, 0.60/s, ETA 181m
  33700/40081: 33441 ok, 0 fail, 0.60/s, ETA 179m
  33800/40081: 33541 ok, 0 fail, 0.60/s, ETA 176m
  33900/40081: 33641 ok, 0 fail, 0.60/s, ETA 173m
Getting Cloudflare cookies via FlareSolverr...
  FlareSolverr unavailable: HTTPConnectionPool(host='localhost', port=8191): Max retries exceeded with url: /v1 (Caused by NewConnectionError("HTTPConnection(host='localhost', port=8191): Failed to establish a new connection: [WinError 10061] No connection could be made because the target machine actively refused it"))
Trying browser cookies...
  Using saved cookies from previous session.
  Refreshed cookies at deck 34000
  34000/40081: 33741 ok, 0 fail, 0.60/s, ETA 170m
  34100/40081: 33841 ok, 0 fail, 0.60/s, ETA 167m
  34200/40081: 33941 ok, 0 fail, 0.60/s, ETA 165m
  34300/40081: 34041 ok, 0 fail, 0.60/s, ETA 162m
  34400/40081: 34141 ok, 0 fail, 0.60/s, ETA 159m
Getting Cloudflare cookies via FlareSolverr...
  FlareSolverr unavailable: HTTPConnectionPool(host='localhost', port=8191): Max retries exceeded with url: /v1 (Caused by NewConnectionError("HTTPConnection(host='localhost', port=8191): Failed to establish a new connection: [WinError 10061] No connection could be made because the target machine actively refused it"))
Trying browser cookies...
  Using saved cookies from previous session.
  Refreshed cookies at deck 34500
  34500/40081: 34241 ok, 0 fail, 0.60/s, ETA 156m
  34600/40081: 34341 ok, 0 fail, 0.60/s, ETA 153m
  34700/40081: 34441 ok, 0 fail, 0.60/s, ETA 151m
  34800/40081: 34541 ok, 0 fail, 0.60/s, ETA 148m
  34900/40081: 34641 ok, 0 fail, 0.60/s, ETA 145m
Getting Cloudflare cookies via FlareSolverr...
  FlareSolverr unavailable: HTTPConnectionPool(host='localhost', port=8191): Max retries exceeded with url: /v1 (Caused by NewConnectionError("HTTPConnection(host='localhost', port=8191): Failed to establish a new connection: [WinError 10061] No connection could be made because the target machine actively refused it"))
Trying browser cookies...
  Using saved cookies from previous session.
  Refreshed cookies at deck 35000
  35000/40081: 34741 ok, 0 fail, 0.60/s, ETA 142m
  35100/40081: 34841 ok, 0 fail, 0.60/s, ETA 139m
  35200/40081: 34941 ok, 0 fail, 0.60/s, ETA 137m
  35300/40081: 35041 ok, 0 fail, 0.60/s, ETA 134m
  35400/40081: 35141 ok, 0 fail, 0.60/s, ETA 131m
Getting Cloudflare cookies via FlareSolverr...
  FlareSolverr unavailable: HTTPConnectionPool(host='localhost', port=8191): Max retries exceeded with url: /v1 (Caused by NewConnectionError("HTTPConnection(host='localhost', port=8191): Failed to establish a new connection: [WinError 10061] No connection could be made because the target machine actively refused it"))
Trying browser cookies...
  Using saved cookies from previous session.
  Refreshed cookies at deck 35500
  35500/40081: 35241 ok, 0 fail, 0.60/s, ETA 128m
  35600/40081: 35341 ok, 0 fail, 0.60/s, ETA 125m
  35700/40081: 35441 ok, 0 fail, 0.60/s, ETA 123m
  35800/40081: 35541 ok, 0 fail, 0.60/s, ETA 120m
  35900/40081: 35641 ok, 0 fail, 0.60/s, ETA 117m
Getting Cloudflare cookies via FlareSolverr...
  FlareSolverr unavailable: HTTPConnectionPool(host='localhost', port=8191): Max retries exceeded with url: /v1 (Caused by NewConnectionError("HTTPConnection(host='localhost', port=8191): Failed to establish a new connection: [WinError 10061] No connection could be made because the target machine actively refused it"))
Trying browser cookies...
  Using saved cookies from previous session.
  Refreshed cookies at deck 36000
  36000/40081: 35741 ok, 0 fail, 0.60/s, ETA 114m
  36100/40081: 35841 ok, 0 fail, 0.60/s, ETA 111m
  36200/40081: 35941 ok, 0 fail, 0.60/s, ETA 109m
  36300/40081: 36041 ok, 0 fail, 0.60/s, ETA 106m
  36400/40081: 36141 ok, 0 fail, 0.60/s, ETA 103m
Getting Cloudflare cookies via FlareSolverr...
  FlareSolverr unavailable: HTTPConnectionPool(host='localhost', port=8191): Max retries exceeded with url: /v1 (Caused by NewConnectionError("HTTPConnection(host='localhost', port=8191): Failed to establish a new connection: [WinError 10061] No connection could be made because the target machine actively refused it"))
Trying browser cookies...
  Using saved cookies from previous session.
  Refreshed cookies at deck 36500
  36500/40081: 36241 ok, 0 fail, 0.60/s, ETA 100m
  36600/40081: 36341 ok, 0 fail, 0.60/s, ETA 97m
  36700/40081: 36441 ok, 0 fail, 0.60/s, ETA 95m
  36800/40081: 36541 ok, 0 fail, 0.60/s, ETA 92m
  36900/40081: 36641 ok, 0 fail, 0.60/s, ETA 89m
Getting Cloudflare cookies via FlareSolverr...
  FlareSolverr unavailable: HTTPConnectionPool(host='localhost', port=8191): Max retries exceeded with url: /v1 (Caused by NewConnectionError("HTTPConnection(host='localhost', port=8191): Failed to establish a new connection: [WinError 10061] No connection could be made because the target machine actively refused it"))
Trying browser cookies...
  Using saved cookies from previous session.
  Refreshed cookies at deck 37000
  37000/40081: 36741 ok, 0 fail, 0.60/s, ETA 86m
  37100/40081: 36841 ok, 0 fail, 0.60/s, ETA 83m
  37200/40081: 36941 ok, 0 fail, 0.60/s, ETA 81m
  37300/40081: 37041 ok, 0 fail, 0.60/s, ETA 78m
  37400/40081: 37141 ok, 0 fail, 0.60/s, ETA 75m
Getting Cloudflare cookies via FlareSolverr...
  FlareSolverr unavailable: HTTPConnectionPool(host='localhost', port=8191): Max retries exceeded with url: /v1 (Caused by NewConnectionError("HTTPConnection(host='localhost', port=8191): Failed to establish a new connection: [WinError 10061] No connection could be made because the target machine actively refused it"))
Trying browser cookies...
  Using saved cookies from previous session.
  Refreshed cookies at deck 37500
  37500/40081: 37241 ok, 0 fail, 0.60/s, ETA 72m
  37600/40081: 37341 ok, 0 fail, 0.60/s, ETA 69m
  37700/40081: 37441 ok, 0 fail, 0.60/s, ETA 67m
  37800/40081: 37541 ok, 0 fail, 0.60/s, ETA 64m
  37900/40081: 37641 ok, 0 fail, 0.60/s, ETA 61m
Getting Cloudflare cookies via FlareSolverr...
  FlareSolverr unavailable: HTTPConnectionPool(host='localhost', port=8191): Max retries exceeded with url: /v1 (Caused by NewConnectionError("HTTPConnection(host='localhost', port=8191): Failed to establish a new connection: [WinError 10061] No connection could be made because the target machine actively refused it"))
Trying browser cookies...
  Using saved cookies from previous session.
  Refreshed cookies at deck 38000
  38000/40081: 37741 ok, 0 fail, 0.60/s, ETA 58m
  38100/40081: 37841 ok, 0 fail, 0.60/s, ETA 55m
  38200/40081: 37941 ok, 0 fail, 0.60/s, ETA 53m
  38300/40081: 38041 ok, 0 fail, 0.60/s, ETA 50m
  38400/40081: 38141 ok, 0 fail, 0.60/s, ETA 47m
Getting Cloudflare cookies via FlareSolverr...
  FlareSolverr unavailable: HTTPConnectionPool(host='localhost', port=8191): Max retries exceeded with url: /v1 (Caused by NewConnectionError("HTTPConnection(host='localhost', port=8191): Failed to establish a new connection: [WinError 10061] No connection could be made because the target machine actively refused it"))
Trying browser cookies...
  Using saved cookies from previous session.
  Refreshed cookies at deck 38500
  38500/40081: 38241 ok, 0 fail, 0.60/s, ETA 44m
  38600/40081: 38341 ok, 0 fail, 0.60/s, ETA 41m
  38700/40081: 38441 ok, 0 fail, 0.60/s, ETA 39m
  38800/40081: 38541 ok, 0 fail, 0.60/s, ETA 36m
  38900/40081: 38641 ok, 0 fail, 0.60/s, ETA 33m
Getting Cloudflare cookies via FlareSolverr...
  FlareSolverr unavailable: HTTPConnectionPool(host='localhost', port=8191): Max retries exceeded with url: /v1 (Caused by NewConnectionError("HTTPConnection(host='localhost', port=8191): Failed to establish a new connection: [WinError 10061] No connection could be made because the target machine actively refused it"))
Trying browser cookies...
  Using saved cookies from previous session.
  Refreshed cookies at deck 39000
  39000/40081: 38741 ok, 0 fail, 0.60/s, ETA 30m
  39100/40081: 38841 ok, 0 fail, 0.60/s, ETA 27m
  39200/40081: 38941 ok, 0 fail, 0.60/s, ETA 25m
  39300/40081: 39041 ok, 0 fail, 0.60/s, ETA 22m
  39400/40081: 39141 ok, 0 fail, 0.60/s, ETA 19m
Getting Cloudflare cookies via FlareSolverr...
  FlareSolverr unavailable: HTTPConnectionPool(host='localhost', port=8191): Max retries exceeded with url: /v1 (Caused by NewConnectionError("HTTPConnection(host='localhost', port=8191): Failed to establish a new connection: [WinError 10061] No connection could be made because the target machine actively refused it"))
Trying browser cookies...
  Using saved cookies from previous session.
  Refreshed cookies at deck 39500
  39500/40081: 39241 ok, 0 fail, 0.60/s, ETA 16m
  39600/40081: 39341 ok, 0 fail, 0.60/s, ETA 13m
  39700/40081: 39441 ok, 0 fail, 0.60/s, ETA 11m
  39800/40081: 39541 ok, 0 fail, 0.60/s, ETA 8m
  39900/40081: 39641 ok, 0 fail, 0.60/s, ETA 5m
Getting Cloudflare cookies via FlareSolverr...
  FlareSolverr unavailable: HTTPConnectionPool(host='localhost', port=8191): Max retries exceeded with url: /v1 (Caused by NewConnectionError("HTTPConnection(host='localhost', port=8191): Failed to establish a new connection: [WinError 10061] No connection could be made because the target machine actively refused it"))
Trying browser cookies...
  Using saved cookies from previous session.
  Refreshed cookies at deck 40000
  40000/40081: 39741 ok, 0 fail, 0.60/s, ETA 2m

  Details complete: 39822 scraped, 0 failed in 1119.5m

=== Exporting to tournament files ===
  Loaded 39825 deck details.
  Ahri, Nine-Tailed Fox: 1218 decks
  Annie, Dark Child: 1560 decks
  Annie, Stubborn: 1 decks
  Azir, Emperor of the Sands: 999 decks
  Darius, Hand of Noxus: 676 decks
  Draven, Glorious Executioner: 3815 decks
  Ezreal, Prodigal Explorer: 1046 decks
  Fiora, Grand Duelist: 1421 decks
  Garen, Might of Demacia: 133 decks
  Irelia, Blade Dancer: 2387 decks
  Jax, Grandmaster at Arms: 395 decks
  Jinx, Demolitionist: 1 decks
  Jinx, Loose Cannon: 713 decks
  Jinx, Rebel: 1 decks
  Kai'sa, Daughter of the Void: 7705 decks
  Lee Sin, Blind Monk: 488 decks
  Lee Sin, Centered: 1 decks
  Leona, Radiant Dawn: 446 decks
  Lucian, Purifier: 612 decks
  Lux, Lady of Luminosity: 467 decks
  Master Yi, Wuju Bladesman: 4367 decks
  Miss Fortune, Bounty Hunter: 1185 decks
  Miss Fortune, Captain: 1 decks
  Ornn, Fire Below the Mountain: 757 decks
  Reksai, Void Burrower: 557 decks
  Renata Glasc, Chem-Baroness: 305 decks
  Rumble, Mechanized Menace: 461 decks
  Sett, The Boss: 1483 decks
  Sivir, Battle Mistress: 666 decks
  Sivir, Mercenary: 1 decks
  Teemo, Scout: 1 decks
  Teemo, Swift Scout: 1266 decks
  Viktor, Herald of the Arcane: 3501 decks
  Volibear, Relentless Storm: 361 decks
  Yasuo, Unforgiven: 807 decks

  Exported 39804 decklists across 35 legends.

=== Regenerating web data ===

  Final: 36 legends, 39840 decklists
  Saved to F:\Projects\riftrec\web\public\data.json
